------------------------------------------------------------
Timing Analyzer Summary
------------------------------------------------------------

Type  : Slow 1100mV 85C Model Setup 'clk_in'
Slack : -14.678
TNS   : -40416.243

Type  : Slow 1100mV 85C Model Hold 'clk_in'
Slack : 0.229
TNS   : 0.000

Type  : Slow 1100mV 85C Model Minimum Pulse Width 'clk_in'
Slack : -2.636
TNS   : -28516.213

Type  : Slow 1100mV 0C Model Setup 'clk_in'
Slack : -14.552
TNS   : -39748.982

Type  : Slow 1100mV 0C Model Hold 'clk_in'
Slack : 0.220
TNS   : 0.000

Type  : Slow 1100mV 0C Model Minimum Pulse Width 'clk_in'
Slack : -2.636
TNS   : -28436.840

Type  : Fast 1100mV 85C Model Setup 'clk_in'
Slack : -8.532
TNS   : -21963.427

Type  : Fast 1100mV 85C Model Hold 'clk_in'
Slack : 0.134
TNS   : 0.000

Type  : Fast 1100mV 85C Model Minimum Pulse Width 'clk_in'
Slack : -2.636
TNS   : -28782.931

Type  : Fast 1100mV 0C Model Setup 'clk_in'
Slack : -7.647
TNS   : -19353.550

Type  : Fast 1100mV 0C Model Hold 'clk_in'
Slack : 0.123
TNS   : 0.000

Type  : Fast 1100mV 0C Model Minimum Pulse Width 'clk_in'
Slack : -2.636
TNS   : -29209.882

------------------------------------------------------------
