------------------------------------------------------------
Timing Analyzer Summary
------------------------------------------------------------

Type  : Slow 1100mV 85C Model Setup 'clk_in'
Slack : -13.390
TNS   : -43593.386

Type  : Slow 1100mV 85C Model Hold 'clk_in'
Slack : 0.230
TNS   : 0.000

Type  : Slow 1100mV 85C Model Minimum Pulse Width 'clk_in'
Slack : -2.636
TNS   : -29599.543

Type  : Slow 1100mV 0C Model Setup 'clk_in'
Slack : -13.183
TNS   : -42889.259

Type  : Slow 1100mV 0C Model Hold 'clk_in'
Slack : 0.219
TNS   : 0.000

Type  : Slow 1100mV 0C Model Minimum Pulse Width 'clk_in'
Slack : -2.636
TNS   : -29517.344

Type  : Fast 1100mV 85C Model Setup 'clk_in'
Slack : -7.631
TNS   : -23920.680

Type  : Fast 1100mV 85C Model Hold 'clk_in'
Slack : 0.137
TNS   : 0.000

Type  : Fast 1100mV 85C Model Minimum Pulse Width 'clk_in'
Slack : -2.636
TNS   : -29886.009

Type  : Fast 1100mV 0C Model Setup 'clk_in'
Slack : -6.807
TNS   : -21071.811

Type  : Fast 1100mV 0C Model Hold 'clk_in'
Slack : 0.125
TNS   : 0.000

Type  : Fast 1100mV 0C Model Minimum Pulse Width 'clk_in'
Slack : -2.636
TNS   : -30330.228

------------------------------------------------------------
