------------------------------------------------------------
Timing Analyzer Summary
------------------------------------------------------------

Type  : Slow 1100mV 85C Model Setup 'clk_in'
Slack : -12.751
TNS   : -42527.575

Type  : Slow 1100mV 85C Model Hold 'clk_in'
Slack : 0.233
TNS   : 0.000

Type  : Slow 1100mV 85C Model Minimum Pulse Width 'clk_in'
Slack : -2.636
TNS   : -29597.783

Type  : Slow 1100mV 0C Model Setup 'clk_in'
Slack : -12.578
TNS   : -41686.063

Type  : Slow 1100mV 0C Model Hold 'clk_in'
Slack : 0.223
TNS   : 0.000

Type  : Slow 1100mV 0C Model Minimum Pulse Width 'clk_in'
Slack : -2.636
TNS   : -29517.083

Type  : Fast 1100mV 85C Model Setup 'clk_in'
Slack : -7.245
TNS   : -23370.119

Type  : Fast 1100mV 85C Model Hold 'clk_in'
Slack : 0.137
TNS   : 0.000

Type  : Fast 1100mV 85C Model Minimum Pulse Width 'clk_in'
Slack : -2.636
TNS   : -29888.554

Type  : Fast 1100mV 0C Model Setup 'clk_in'
Slack : -6.507
TNS   : -20579.074

Type  : Fast 1100mV 0C Model Hold 'clk_in'
Slack : 0.125
TNS   : 0.000

Type  : Fast 1100mV 0C Model Minimum Pulse Width 'clk_in'
Slack : -2.636
TNS   : -30332.960

------------------------------------------------------------
